[dotenv@17.2.3] injecting env (10) from Backend\.env -- tip: ⚙️  load multiple .env files with { path: ['.env.local', '.env'] }
Connecting to MongoDB at: mongodb://localhost:27017/AdminPanel
Connected.
❌ CONNECTION OR UNEXPECTED FAILED: MongooseError: Operation `sizes.deleteMany()` buffering timed out after 10000ms
    at Timeout._onTimeout (C:\Users\Dell\Desktop\Testing-panel\Backend\node_modules\mongoose\lib\drivers\node-mongodb-native\collection.js:131:25)
    at listOnTimeout (node:internal/timers:588:17)
    at process.processTimers (node:internal/timers:523:7)
